// Jest Snapshot v1, https://goo.gl/fbAQLP

exports[`ProductForm.vue Renders correctly 1`] = `<!---->`;
